
> starter_helpi@0.1.0 test
> react-scripts test --coverage

  console.error
    Warning: [react-bootstrap] Specifying only the `"hover"` trigger limits the visibility of the overlay to just mouse users. Consider also including the `"focus"` trigger so that touch and keyboard only users can see the overlay as well.

      4 |
      5 | test('renders learn react link', () => {
    > 6 |   render(<App />);
        |         ^
      7 |   const linkElement = screen.getByText(/learn react/i);
      8 |   expect(linkElement).toBeInTheDocument();
      9 | });

      at printWarning (node_modules/warning/warning.js:34:15)
      at warning (node_modules/warning/warning.js:57:20)
      at OverlayTrigger (node_modules/react-bootstrap/cjs/OverlayTrigger.js:121:66)
      at renderWithHooks (node_modules/react-dom/cjs/react-dom.development.js:16305:18)
      at mountIndeterminateComponent (node_modules/react-dom/cjs/react-dom.development.js:20074:13)
      at beginWork (node_modules/react-dom/cjs/react-dom.development.js:21587:16)
      at beginWork$1 (node_modules/react-dom/cjs/react-dom.development.js:27426:14)
      at performUnitOfWork (node_modules/react-dom/cjs/react-dom.development.js:26560:12)
      at workLoopSync (node_modules/react-dom/cjs/react-dom.development.js:26466:5)
      at renderRootSync (node_modules/react-dom/cjs/react-dom.development.js:26434:7)
      at performConcurrentWorkOnRoot (node_modules/react-dom/cjs/react-dom.development.js:25738:74)
      at flushActQueue (node_modules/react/cjs/react.development.js:2667:24)
      at act (node_modules/react/cjs/react.development.js:2582:11)
      at node_modules/@testing-library/react/dist/act-compat.js:63:25
      at renderRoot (node_modules/@testing-library/react/dist/pure.js:159:26)
      at render (node_modules/@testing-library/react/dist/pure.js:246:10)
      at Object.<anonymous> (src/App.test.tsx:6:9)
      at TestScheduler.scheduleTests (node_modules/@jest/core/build/TestScheduler.js:333:13)
      at runJest (node_modules/@jest/core/build/runJest.js:404:19)
      at _run10000 (node_modules/@jest/core/build/cli/index.js:320:7)
      at runCLI (node_modules/@jest/core/build/cli/index.js:173:3)

FAIL src/App.test.tsx
  ✕ renders learn react link (94 ms)

  ● renders learn react link

    TestingLibraryElementError: Unable to find an element with the text: /learn react/i. This could be because the text is broken up by multiple elements. In this case, you can provide a function for your text matcher to make your matcher more flexible.

    Ignored nodes: comments, script, style
    [36m<body>[39m
      [36m<div>[39m
        [36m<div[39m
          [33mclass[39m=[32m"App"[39m
        [36m>[39m
          [36m<div>[39m
            [36m<div[39m
              [33mclass[39m=[32m"nav"[39m
            [36m>[39m
              [36m<div>[39m
                [36m<button[39m
                  [33mclass[39m=[32m"button btn btn-primary"[39m
                  [33mtype[39m=[32m"button"[39m
                [36m>[39m
                  [36m<span[39m
                    [33mclass[39m=[32m"button-span"[39m
                  [36m>[39m
                    [0mBasic[0m
                  [36m</span>[39m
                [36m</button>[39m
              [36m</div>[39m
              [36m<div>[39m
                [36m<button[39m
                  [33mclass[39m=[32m"button btn btn-primary"[39m
                  [33mdisabled[39m=[32m""[39m
                  [33mtype[39m=[32m"button"[39m
                [36m>[39m
                  [36m<span[39m
                    [33mclass[39m=[32m"button-span"[39m
                  [36m>[39m
                    [0mHome[0m
                  [36m</span>[39m
                [36m</button>[39m
              [36m</div>[39m
              [36m<div>[39m
                [36m<button[39m
                  [33mclass[39m=[32m"button btn btn-primary"[39m
                  [33mtype[39m=[32m"button"[39m
                [36m>[39m
                  [0mDetailed[0m
                [36m</button>[39m
              [36m</div>[39m
              [36m<div>[39m
                [36m<div>[39m
                  [36m<div>[39m
                    [36m<button[39m
                      [33mclass[39m=[32m"button btn btn-primary"[39m
                      [33mtype[39m=[32m"button"[39m
                    [36m>[39m
                      [0mSurvey[0m
                    [36m</button>[39m
                  [36m</div>[39m
                [36m</div>[39m
              [36m</div>[39m
            [36m</div>[39m
            [36m<div[39m
              [33mclass[39m=[32m"home"[39m
            [36m>[39m
              [36m<h1>[39m
                [0mHome[0m
              [36m</h1>[39m
              [36m<p>[39m
                [0mWelcome to the home page![0m
              [36m</p>[39m
              [36m<p>[39m
                [0mCorey Mitterer[0m
              [36m</p>[39m
              [36m<p>[39m
                [0mIan Duffy[0m
              [36m</p>[39m
              [36m<p>[39m
                [0mLogan Ponik[0m
              [36m</p>[39m
              [36m<p>[39m
                [0mJunpuyin Wei[0m
              [36m</p>[39m
            [36m</div>[39m
            [36m<center>[39m
              [36m<form[39m
                [33mclass[39m=[32m""[39m
              [36m>[39m
                [36m<label[39m
                  [33mclass[39m=[32m"form-label"[39m
                [36m>[39m
                  [0mAPI Key:[0m
                [36m</label>[39m
                [36m<input[39m
                  [33mclass[39m=[32m"form-control form-control-sm"[39m
                  [33mplaceholder[39m=[32m"Insert API Key Here"[39m
                  [33mstyle[39m=[32m"width: 200px;"[39m
                  [33mtype[39m=[32m"password"[39m
                [36m/>[39m
                [36m<br />[39m
                [36m<button[39m
                  [33mclass[39m=[32m"Submit-Button btn btn-primary"[39m
                  [33mtype[39m=[32m"button"[39m
                [36m>[39m
                  [0mSubmit[0m
                [36m</button>[39m
              [36m</form>[39m
            [36m</center>[39m
          [36m</div>[39m
        [36m</div>[39m
      [36m</div>[39m
    [36m</body>[39m

       5 | test('renders learn react link', () => {
       6 |   render(<App />);
    >  7 |   const linkElement = screen.getByText(/learn react/i);
         |                              ^
       8 |   expect(linkElement).toBeInTheDocument();
       9 | });
      10 |

      at Object.getElementError (node_modules/@testing-library/react/node_modules/@testing-library/dom/dist/config.js:37:19)
      at node_modules/@testing-library/react/node_modules/@testing-library/dom/dist/query-helpers.js:76:38
      at node_modules/@testing-library/react/node_modules/@testing-library/dom/dist/query-helpers.js:52:17
      at getByText (node_modules/@testing-library/react/node_modules/@testing-library/dom/dist/query-helpers.js:95:19)
      at Object.<anonymous> (src/App.test.tsx:7:30)
      at TestScheduler.scheduleTests (node_modules/@jest/core/build/TestScheduler.js:333:13)
      at runJest (node_modules/@jest/core/build/runJest.js:404:19)
      at _run10000 (node_modules/@jest/core/build/cli/index.js:320:7)
      at runCLI (node_modules/@jest/core/build/cli/index.js:173:3)

---------------------------|---------|----------|---------|---------|-------------------
File                       | % Stmts | % Branch | % Funcs | % Lines | Uncovered Line #s 
---------------------------|---------|----------|---------|---------|-------------------
All files                  |   34.21 |       25 |      24 |   32.87 |                   
 src                       |    8.33 |        0 |   33.33 |    8.33 |                   
  App.tsx                  |     100 |      100 |     100 |     100 |                   
  index.tsx                |       0 |      100 |     100 |       0 | 8-20              
  reportWebVitals.ts       |       0 |        0 |       0 |       0 | 3-10              
 src/components            |   39.06 |    29.16 |   22.72 |    37.7 |                   
  DetailedPage.tsx         |       0 |      100 |       0 |       0 | 8                 
  DetailedQuestionBank.tsx |     100 |      100 |     100 |     100 |                   
  DetailedQuiz.tsx         |      20 |        0 |   22.22 |   13.63 | 16-58             
  Pages.tsx                |   46.15 |     62.5 |   16.66 |   46.15 | 28,48-62,72-79    
  Survey.tsx               |   63.63 |       50 |   33.33 |   63.63 | 14,29-32,44       
---------------------------|---------|----------|---------|---------|-------------------
Test Suites: 1 failed, 1 total
Tests:       1 failed, 1 total
Snapshots:   0 total
Time:        2.965 s
Ran all test suites.
[0;33mOne of your dependencies, babel-preset-react-app, is importing the
"@babel/plugin-proposal-private-property-in-object" package without
declaring it in its dependencies. This is currently working because
"@babel/plugin-proposal-private-property-in-object" is already in your
node_modules folder for unrelated reasons, but it [1mmay break at any time[0;33m.

babel-preset-react-app is part of the create-react-app project, [1mwhich
is not maintianed anymore[0;33m. It is thus unlikely that this bug will
ever be fixed. Add "@babel/plugin-proposal-private-property-in-object" to
your devDependencies to work around this error. This will make this message
go away.[0m
  
